// Jest Snapshot v1, https://goo.gl/fbAQLP

exports[`View component Tests Check View component 1`] = `
<div
  style={
    Object {
      "display": "flex",
      "flex": "auto",
    }
  }
>
  <div
    style={
      Object {
        "display": "flex",
        "flex": "2 1 900px",
        "flexDirection": "column",
      }
    }
  >
    [ScripturePane]
    <[CheckInfoCard]
      file="file"
      openHelps={[Function]}
      showHelps={[Function]}
      title="title"
    />
    [VerseCheck]
  </div>
  <div
    style={
      Object {
        "display": "flex",
        "flex": "1 1 375px",
        "justifyContent": "flex-end",
        "marginLeft": "-15px",
      }
    }
  >
    <div
      style={
        Object {
          "alignItems": "center",
          "display": "flex",
          "flex": "0 0 15px",
        }
      }
    >
      <span
        className="glyphicon glyphicon-chevron-right"
        onClick={[Function]}
        style={
          Object {
            "backgroundColor": "var(--text-color-dark)",
            "borderRadius": "5px 0px 0px 5px",
            "color": "var(--reverse-color)",
            "padding": "10px 0px",
            "zIndex": "999",
          }
        }
      />
    </div>
    <div
      style={
        Object {
          "display": "flex",
          "flex": "1",
        }
      }
    >
      [TranslationHelps]
    </div>
  </div>
</div>
`;
